// Jest Snapshot v1, https://goo.gl/fbAQLP

exports[`List component should render correctly in "debug" mode 1`] = `
ShallowWrapper {
  Symbol(enzyme.__root__): [Circular],
  Symbol(enzyme.__unrendered__): <CarouselSlider
    debug={true}
  />,
  Symbol(enzyme.__renderer__): Object {
    "batchedUpdates": [Function],
    "checkPropTypes": [Function],
    "getNode": [Function],
    "render": [Function],
    "simulateError": [Function],
    "simulateEvent": [Function],
    "unmount": [Function],
  },
  Symbol(enzyme.__node__): Object {
    "instance": null,
    "key": undefined,
    "nodeType": "host",
    "props": Object {
      "children": Array [
        <CarouselRightArrow
          nextMovie={[Function]}
        />,
        <UNDEFINED
          fallback={<Spinner />}
        >
          <UNDEFINED
            activeIndexSlider={1}
            currentMovies={Array []}
            nextIndexSlider={2}
            prevIndexSlider={-2}
          />
        </UNDEFINED>,
        <CarouselLeftArrow
          prevMovie={[Function]}
        />,
      ],
      "className": "carousel-slider",
    },
    "ref": null,
    "rendered": Array [
      Object {
        "instance": null,
        "key": undefined,
        "nodeType": "function",
        "props": Object {
          "nextMovie": [Function],
        },
        "ref": null,
        "rendered": null,
        "type": [Function],
      },
      Object {
        "instance": null,
        "key": undefined,
        "nodeType": "function",
        "props": Object {
          "children": <UNDEFINED
            activeIndexSlider={1}
            currentMovies={Array []}
            nextIndexSlider={2}
            prevIndexSlider={-2}
          />,
          "fallback": <Spinner />,
        },
        "ref": null,
        "rendered": Object {
          "instance": null,
          "key": undefined,
          "nodeType": "function",
          "props": Object {
            "activeIndexSlider": 1,
            "currentMovies": Array [],
            "handleDelete": undefined,
            "handleEdit": undefined,
            "handleInfo": undefined,
            "nextIndexSlider": 2,
            "prevIndexSlider": -2,
          },
          "ref": null,
          "rendered": null,
          "type": Object {
            "$$typeof": Symbol(react.lazy),
            "_ctor": [Function],
            "_result": null,
            "_status": -1,
          },
        },
        "type": Symbol(react.suspense),
      },
      Object {
        "instance": null,
        "key": undefined,
        "nodeType": "function",
        "props": Object {
          "prevMovie": [Function],
        },
        "ref": null,
        "rendered": null,
        "type": [Function],
      },
    ],
    "type": "div",
  },
  Symbol(enzyme.__nodes__): Array [
    Object {
      "instance": null,
      "key": undefined,
      "nodeType": "host",
      "props": Object {
        "children": Array [
          <CarouselRightArrow
            nextMovie={[Function]}
          />,
          <UNDEFINED
            fallback={<Spinner />}
          >
            <UNDEFINED
              activeIndexSlider={1}
              currentMovies={Array []}
              nextIndexSlider={2}
              prevIndexSlider={-2}
            />
          </UNDEFINED>,
          <CarouselLeftArrow
            prevMovie={[Function]}
          />,
        ],
        "className": "carousel-slider",
      },
      "ref": null,
      "rendered": Array [
        Object {
          "instance": null,
          "key": undefined,
          "nodeType": "function",
          "props": Object {
            "nextMovie": [Function],
          },
          "ref": null,
          "rendered": null,
          "type": [Function],
        },
        Object {
          "instance": null,
          "key": undefined,
          "nodeType": "function",
          "props": Object {
            "children": <UNDEFINED
              activeIndexSlider={1}
              currentMovies={Array []}
              nextIndexSlider={2}
              prevIndexSlider={-2}
            />,
            "fallback": <Spinner />,
          },
          "ref": null,
          "rendered": Object {
            "instance": null,
            "key": undefined,
            "nodeType": "function",
            "props": Object {
              "activeIndexSlider": 1,
              "currentMovies": Array [],
              "handleDelete": undefined,
              "handleEdit": undefined,
              "handleInfo": undefined,
              "nextIndexSlider": 2,
              "prevIndexSlider": -2,
            },
            "ref": null,
            "rendered": null,
            "type": Object {
              "$$typeof": Symbol(react.lazy),
              "_ctor": [Function],
              "_result": null,
              "_status": -1,
            },
          },
          "type": Symbol(react.suspense),
        },
        Object {
          "instance": null,
          "key": undefined,
          "nodeType": "function",
          "props": Object {
            "prevMovie": [Function],
          },
          "ref": null,
          "rendered": null,
          "type": [Function],
        },
      ],
      "type": "div",
    },
  ],
  Symbol(enzyme.__options__): Object {
    "adapter": ReactSixteenAdapter {
      "options": Object {
        "enableComponentDidUpdateOnSetState": true,
        "legacyContextMode": "parent",
        "lifecycles": Object {
          "componentDidUpdate": Object {
            "onSetState": true,
          },
          "getChildContext": Object {
            "calledByRenderer": false,
          },
          "getDerivedStateFromError": true,
          "getDerivedStateFromProps": Object {
            "hasShouldComponentUpdateBug": false,
          },
          "getSnapshotBeforeUpdate": true,
          "setState": Object {
            "skipsComponentDidUpdateOnNullish": true,
          },
        },
      },
    },
    Symbol(enzyme.__providerValues__): undefined,
  },
  Symbol(enzyme.__providerValues__): Map {},
}
`;
